// Jest Snapshot v1, https://goo.gl/fbAQLP

exports[`should render BoardContainer component correctly 1`] = `
<div>
  <Counter />
  <Button
    buttonTitles="ADD (+)"
    handeler={[Function]}
    id={0}
  />
  <Button
    buttonTitles="SUBTRACT (-)"
    handeler={[Function]}
    id={1}
  />
  <Button
    buttonTitles="RESET"
    handeler={[Function]}
    id={2}
  />
</div>
`;
